// Jest Snapshot v1, https://goo.gl/fbAQLP

exports[`src/components/Counter.js decrease correctly 1`] = `
<div>
  <h1>
    카운터
  </h1>
  <h2>
    1
  </h2>
  <button
    onClick={[Function]}
  >
     + 
  </button>
  <button
    onClick={[Function]}
  >
     - 
  </button>
</div>
`;

exports[`src/components/Counter.js increase correctly 1`] = `
<div>
  <h1>
    카운터
  </h1>
  <h2>
    2
  </h2>
  <button
    onClick={[Function]}
  >
     + 
  </button>
  <button
    onClick={[Function]}
  >
     - 
  </button>
</div>
`;

exports[`src/components/Counter.js matches snapshot 1`] = `
<div>
  <h1>
    카운터
  </h1>
  <h2>
    1
  </h2>
  <button
    onClick={[Function]}
  >
     + 
  </button>
  <button
    onClick={[Function]}
  >
     - 
  </button>
</div>
`;
